2026-02-19T20:47:57: [demucs-oracle] ========== QUALITY CONFIG ==========
2026-02-19T20:47:57: [demucs-oracle] Model: htdemucs_6s
2026-02-19T20:47:57: [demucs-oracle] Shifts: 10
2026-02-19T20:47:57: [demucs-oracle] Overlap: 0.25
2026-02-19T20:47:57: [demucs-oracle] Output: 320k mp3
2026-02-19T20:47:57: [demucs-oracle] ====================================
2026-02-19T20:47:57: [demucs-oracle] Module loaded
2026-02-19T20:47:57: OPTIONS  /.*/
2026-02-19T20:47:57: [33mPOST[39m     /~/upload
2026-02-19T20:47:57: [32mGET[39m      /~/stems/:id/state
2026-02-19T20:47:57: [32mGET[39m      /~/stems/:id/result
2026-02-19T20:47:57: [33mPOST[39m     /~/stems/:id/cleanup
2026-02-19T20:47:57: [32mGET[39m      /~/stems/:id/check
2026-02-19T20:47:57: [32mGET[39m      /~/progress/:id
2026-02-19T20:47:57: [32mGET[39m      /~/download-mp3
2026-02-19T20:47:57: [32mGET[39m      /~/scrape-lyrics/lrclib
2026-02-19T20:47:57: [32mGET[39m      /~/scrape-lyrics/genius
2026-02-19T20:47:57: [32mGET[39m      /~/scrape-lyrics/google
2026-02-19T20:47:57: [32mGET[39m      /~/scrape-lyrics/extract
2026-02-19T20:47:57: [32mGET[39m      /~/scrape-lyrics
2026-02-19T20:47:57: [32mGET[39m      /~/scrape-news
2026-02-19T20:47:57: [32mGET[39m      /~/search
2026-02-19T20:47:57: [32mGET[39m      /~/suggestions
2026-02-19T20:47:57: [32mGET[39m      /~/audio/prepare
2026-02-19T20:47:57: [32mGET[39m      /~/audio/check
2026-02-19T20:47:57: [32mGET[39m      /~/audio
2026-02-19T20:47:57: [32mGET[39m      /~/stream
2026-02-19T20:47:57: [32mGET[39m      /~/info
2026-02-19T20:47:57: [32mGET[39m      /~/cache/youtube
2026-02-19T20:47:57: [31mDELETE[39m   /~/cache/youtube/:videoId
2026-02-19T20:47:57: [31mDELETE[39m   /~/cache/youtube
2026-02-19T20:47:57: [32mGET[39m      /~/cache/stems
2026-02-19T20:47:57: [31mDELETE[39m   /~/cache/stems/:songId
2026-02-19T20:47:57: [31mDELETE[39m   /~/cache/stems
2026-02-19T20:47:57: [32mGET[39m      /~/cache/uploads
2026-02-19T20:47:57: [31mDELETE[39m   /~/cache/uploads/:name
2026-02-19T20:47:57: [31mDELETE[39m   /~/cache/uploads
2026-02-19T20:47:57: [32mGET[39m      /~/cache/normalized
2026-02-19T20:47:57: [31mDELETE[39m   /~/cache/normalized/:name
2026-02-19T20:47:57: [31mDELETE[39m   /~/cache/normalized
2026-02-19T20:47:57: [31mDELETE[39m   /~/cache/all
2026-02-19T20:47:57: [32mGET[39m      /~/cache/summary
2026-02-19T20:47:57: [33mPOST[39m     /~/shazam/recognize
2026-02-19T20:47:57: [32mGET[39m      /restart/Mohan9869868880
2026-02-19T20:47:57: Music API listening on port 3000
2026-02-19T20:47:57: Demucs worker status: running
2026-02-19T20:47:57: [appRedis] connected
2026-02-19T20:47:57: [demucs-oracle] Worker ready
2026-02-19T20:48:39: 
──────── GOOGLE URLS (individual) ────────
2026-02-19T20:48:39: [Google] Searching: "knocking on heaven's door"
2026-02-19T20:48:40: [Google] Returned 10 results
2026-02-19T20:48:43: 
──────── LRCLIB (individual) ────────
2026-02-19T20:48:43: [LRCLIB] Checking: https://lrclib.net/api/get?track_name=knocking+on+heaven%27s+door
2026-02-19T20:48:46: [LRCLIB] ⚠️ API error: timeout of 3000ms exceeded
2026-02-19T20:48:47: [youtube] Search request: hey yeah
2026-02-19T20:48:47: [youtube] Creating fresh Innertube client...
2026-02-19T20:48:47: [youtube] Innertube client initialized
2026-02-19T20:48:48: [youtube] Search returned 19 results
2026-02-19T20:49:42: 
──────── EXTRACT (PLAYWRIGHT) ────────
2026-02-19T20:49:42: scraper > URL: https://www.chordie.com/chord.pere/www.guitaretab.com/d/dylan-bob/5760.html
2026-02-19T20:49:42: [Playwright] Navigating: https://www.chordie.com/chord.pere/www.guitaretab.com/d/dylan-bob/5760.html
2026-02-19T20:49:47: [Playwright] Result: 66 lines
2026-02-19T20:51:30: [demucs-oracle] ========== QUALITY CONFIG ==========
2026-02-19T20:51:30: [demucs-oracle] Model: htdemucs_6s
2026-02-19T20:51:30: [demucs-oracle] Shifts: 10
2026-02-19T20:51:30: [demucs-oracle] Overlap: 0.25
2026-02-19T20:51:30: [demucs-oracle] Output: 320k mp3
2026-02-19T20:51:30: [demucs-oracle] ====================================
2026-02-19T20:51:30: [demucs-oracle] Module loaded
2026-02-19T20:51:30: OPTIONS  /.*/
2026-02-19T20:51:30: [33mPOST[39m     /~/upload
2026-02-19T20:51:30: [32mGET[39m      /~/stems/:id/state
2026-02-19T20:51:30: [32mGET[39m      /~/stems/:id/result
2026-02-19T20:51:30: [33mPOST[39m     /~/stems/:id/cleanup
2026-02-19T20:51:30: [32mGET[39m      /~/stems/:id/check
2026-02-19T20:51:30: [32mGET[39m      /~/progress/:id
2026-02-19T20:51:30: [32mGET[39m      /~/download-mp3
2026-02-19T20:51:30: [32mGET[39m      /~/scrape-lyrics/lrclib
2026-02-19T20:51:30: [32mGET[39m      /~/scrape-lyrics/genius
2026-02-19T20:51:30: [32mGET[39m      /~/scrape-lyrics/google
2026-02-19T20:51:30: [32mGET[39m      /~/scrape-lyrics/extract
2026-02-19T20:51:30: [32mGET[39m      /~/scrape-lyrics
2026-02-19T20:51:30: [32mGET[39m      /~/scrape-news
2026-02-19T20:51:30: [32mGET[39m      /~/search
2026-02-19T20:51:30: [32mGET[39m      /~/suggestions
2026-02-19T20:51:30: [32mGET[39m      /~/audio/prepare
2026-02-19T20:51:30: [32mGET[39m      /~/audio/check
2026-02-19T20:51:30: [32mGET[39m      /~/audio
2026-02-19T20:51:30: [32mGET[39m      /~/stream
2026-02-19T20:51:30: [32mGET[39m      /~/info
2026-02-19T20:51:30: [32mGET[39m      /~/cache/youtube
2026-02-19T20:51:30: [31mDELETE[39m   /~/cache/youtube/:videoId
2026-02-19T20:51:30: [31mDELETE[39m   /~/cache/youtube
2026-02-19T20:51:30: [32mGET[39m      /~/cache/stems
2026-02-19T20:51:30: [31mDELETE[39m   /~/cache/stems/:songId
2026-02-19T20:51:30: [31mDELETE[39m   /~/cache/stems
2026-02-19T20:51:30: [32mGET[39m      /~/cache/uploads
2026-02-19T20:51:30: [31mDELETE[39m   /~/cache/uploads/:name
2026-02-19T20:51:30: [31mDELETE[39m   /~/cache/uploads
2026-02-19T20:51:30: [32mGET[39m      /~/cache/normalized
2026-02-19T20:51:30: [31mDELETE[39m   /~/cache/normalized/:name
2026-02-19T20:51:30: [31mDELETE[39m   /~/cache/normalized
2026-02-19T20:51:30: [31mDELETE[39m   /~/cache/all
2026-02-19T20:51:30: [32mGET[39m      /~/cache/summary
2026-02-19T20:51:30: [33mPOST[39m     /~/shazam/recognize
2026-02-19T20:51:30: [32mGET[39m      /restart/Mohan9869868880
2026-02-19T20:51:30: Music API listening on port 3000
2026-02-19T20:51:30: Demucs worker status: running
2026-02-19T20:51:30: [appRedis] connected
2026-02-19T20:51:30: [demucs-oracle] Worker ready
