2026-02-19T20:47:57: [demucs-oracle] ========== QUALITY CONFIG ==========
2026-02-19T20:47:57: [demucs-oracle] Model: htdemucs_6s
2026-02-19T20:47:57: [demucs-oracle] Shifts: 10
2026-02-19T20:47:57: [demucs-oracle] Overlap: 0.25
2026-02-19T20:47:57: [demucs-oracle] Output: 320k mp3
2026-02-19T20:47:57: [demucs-oracle] ====================================
2026-02-19T20:47:57: [demucs-oracle] Module loaded
2026-02-19T20:47:57: OPTIONS  /.*/
2026-02-19T20:47:57: [33mPOST[39m     /~/upload
2026-02-19T20:47:57: [32mGET[39m      /~/stems/:id/state
2026-02-19T20:47:57: [32mGET[39m      /~/stems/:id/result
2026-02-19T20:47:57: [33mPOST[39m     /~/stems/:id/cleanup
2026-02-19T20:47:57: [32mGET[39m      /~/stems/:id/check
2026-02-19T20:47:57: [32mGET[39m      /~/progress/:id
2026-02-19T20:47:57: [32mGET[39m      /~/download-mp3
2026-02-19T20:47:57: [32mGET[39m      /~/scrape-lyrics/lrclib
2026-02-19T20:47:57: [32mGET[39m      /~/scrape-lyrics/genius
2026-02-19T20:47:57: [32mGET[39m      /~/scrape-lyrics/google
2026-02-19T20:47:57: [32mGET[39m      /~/scrape-lyrics/extract
2026-02-19T20:47:57: [32mGET[39m      /~/scrape-lyrics
2026-02-19T20:47:57: [32mGET[39m      /~/scrape-news
2026-02-19T20:47:57: [32mGET[39m      /~/search
2026-02-19T20:47:57: [32mGET[39m      /~/suggestions
2026-02-19T20:47:57: [32mGET[39m      /~/audio/prepare
2026-02-19T20:47:57: [32mGET[39m      /~/audio/check
2026-02-19T20:47:57: [32mGET[39m      /~/audio
2026-02-19T20:47:57: [32mGET[39m      /~/stream
2026-02-19T20:47:57: [32mGET[39m      /~/info
2026-02-19T20:47:57: [32mGET[39m      /~/cache/youtube
2026-02-19T20:47:57: [31mDELETE[39m   /~/cache/youtube/:videoId
2026-02-19T20:47:57: [31mDELETE[39m   /~/cache/youtube
2026-02-19T20:47:57: [32mGET[39m      /~/cache/stems
2026-02-19T20:47:57: [31mDELETE[39m   /~/cache/stems/:songId
2026-02-19T20:47:57: [31mDELETE[39m   /~/cache/stems
2026-02-19T20:47:57: [32mGET[39m      /~/cache/uploads
2026-02-19T20:47:57: [31mDELETE[39m   /~/cache/uploads/:name
2026-02-19T20:47:57: [31mDELETE[39m   /~/cache/uploads
2026-02-19T20:47:57: [32mGET[39m      /~/cache/normalized
2026-02-19T20:47:57: [31mDELETE[39m   /~/cache/normalized/:name
2026-02-19T20:47:57: [31mDELETE[39m   /~/cache/normalized
2026-02-19T20:47:57: [31mDELETE[39m   /~/cache/all
2026-02-19T20:47:57: [32mGET[39m      /~/cache/summary
2026-02-19T20:47:57: [33mPOST[39m     /~/shazam/recognize
2026-02-19T20:47:57: [32mGET[39m      /restart/Mohan9869868880
2026-02-19T20:47:57: Music API listening on port 3000
2026-02-19T20:47:57: Demucs worker status: running
2026-02-19T20:47:57: [appRedis] connected
2026-02-19T20:47:57: [demucs-oracle] Worker ready
2026-02-19T20:48:39: 
──────── LRCLIB (individual) ────────
2026-02-19T20:48:39: [LRCLIB] Checking: https://lrclib.net/api/get?track_name=knocking+on+heaven%27s+door
2026-02-19T20:48:42: [LRCLIB] ⚠️ API error: timeout of 3000ms exceeded
2026-02-19T20:48:43: 
──────── GENIUS (individual) ────────
2026-02-19T20:48:43: [Genius] Searching: "knocking on heaven's door"
2026-02-19T20:48:43: [Genius] Found: "Knocking on heavens door by Ed Robinson" → https://genius.com/Ed-robinson-knocking-on-heavens-door-lyrics
2026-02-19T20:48:43: [Cheerio] Fetching: https://genius.com/Ed-robinson-knocking-on-heavens-door-lyrics
2026-02-19T20:48:43: [Cheerio] ⚠️ Error: Request failed with status code 403
2026-02-19T20:48:43: [Genius] Cheerio failed/403 — trying Playwright for Genius page
2026-02-19T20:48:43: [Playwright] Navigating: https://genius.com/Ed-robinson-knocking-on-heavens-door-lyrics
2026-02-19T20:48:44: 
──────── EXTRACT (PLAYWRIGHT) ────────
2026-02-19T20:48:44: scraper > URL: https://tabs.ultimate-guitar.com/tab/bob-dylan/knockin-on-heavens-door-chords-66559
2026-02-19T20:48:44: [Playwright] Navigating: https://tabs.ultimate-guitar.com/tab/bob-dylan/knockin-on-heavens-door-chords-66559
2026-02-19T20:49:02: [Playwright] Result: 3 lines
2026-02-19T20:49:05: [Playwright] Result: 61 lines
2026-02-19T20:49:05: [Genius] ✅ Scraped 61 lines
2026-02-19T20:49:39: 
──────── EXTRACT (CHEERIO) ────────
2026-02-19T20:49:39: scraper > URL: https://www.dylanchords.com/12_billy/knockin_on_heavens_door
2026-02-19T20:49:39: [Cheerio] Fetching: https://www.dylanchords.com/12_billy/knockin_on_heavens_door
2026-02-19T20:49:41: [Cheerio] ✅ Readability (141 lines)
2026-02-19T20:51:27: [demucs-oracle] ========== QUALITY CONFIG ==========
2026-02-19T20:51:27: [demucs-oracle] Model: htdemucs_6s
2026-02-19T20:51:27: [demucs-oracle] Shifts: 10
2026-02-19T20:51:27: [demucs-oracle] Overlap: 0.25
2026-02-19T20:51:27: [demucs-oracle] Output: 320k mp3
2026-02-19T20:51:27: [demucs-oracle] ====================================
2026-02-19T20:51:27: [demucs-oracle] Module loaded
2026-02-19T20:51:27: OPTIONS  /.*/
2026-02-19T20:51:27: [33mPOST[39m     /~/upload
2026-02-19T20:51:27: [32mGET[39m      /~/stems/:id/state
2026-02-19T20:51:27: [32mGET[39m      /~/stems/:id/result
2026-02-19T20:51:27: [33mPOST[39m     /~/stems/:id/cleanup
2026-02-19T20:51:27: [32mGET[39m      /~/stems/:id/check
2026-02-19T20:51:27: [32mGET[39m      /~/progress/:id
2026-02-19T20:51:27: [32mGET[39m      /~/download-mp3
2026-02-19T20:51:27: [32mGET[39m      /~/scrape-lyrics/lrclib
2026-02-19T20:51:27: [32mGET[39m      /~/scrape-lyrics/genius
2026-02-19T20:51:27: [32mGET[39m      /~/scrape-lyrics/google
2026-02-19T20:51:27: [32mGET[39m      /~/scrape-lyrics/extract
2026-02-19T20:51:27: [32mGET[39m      /~/scrape-lyrics
2026-02-19T20:51:27: [32mGET[39m      /~/scrape-news
2026-02-19T20:51:27: [32mGET[39m      /~/search
2026-02-19T20:51:27: [32mGET[39m      /~/suggestions
2026-02-19T20:51:27: [32mGET[39m      /~/audio/prepare
2026-02-19T20:51:27: [32mGET[39m      /~/audio/check
2026-02-19T20:51:27: [32mGET[39m      /~/audio
2026-02-19T20:51:27: [32mGET[39m      /~/stream
2026-02-19T20:51:27: [32mGET[39m      /~/info
2026-02-19T20:51:27: [32mGET[39m      /~/cache/youtube
2026-02-19T20:51:27: [31mDELETE[39m   /~/cache/youtube/:videoId
2026-02-19T20:51:27: [31mDELETE[39m   /~/cache/youtube
2026-02-19T20:51:27: [32mGET[39m      /~/cache/stems
2026-02-19T20:51:27: [31mDELETE[39m   /~/cache/stems/:songId
2026-02-19T20:51:27: [31mDELETE[39m   /~/cache/stems
2026-02-19T20:51:27: [32mGET[39m      /~/cache/uploads
2026-02-19T20:51:27: [31mDELETE[39m   /~/cache/uploads/:name
2026-02-19T20:51:27: [31mDELETE[39m   /~/cache/uploads
2026-02-19T20:51:27: [32mGET[39m      /~/cache/normalized
2026-02-19T20:51:27: [31mDELETE[39m   /~/cache/normalized/:name
2026-02-19T20:51:27: [31mDELETE[39m   /~/cache/normalized
2026-02-19T20:51:27: [31mDELETE[39m   /~/cache/all
2026-02-19T20:51:27: [32mGET[39m      /~/cache/summary
2026-02-19T20:51:27: [33mPOST[39m     /~/shazam/recognize
2026-02-19T20:51:27: [32mGET[39m      /restart/Mohan9869868880
2026-02-19T20:51:27: Music API listening on port 3000
2026-02-19T20:51:27: Demucs worker status: running
2026-02-19T20:51:27: [appRedis] connected
2026-02-19T20:51:27: [demucs-oracle] Worker ready
